#using stdio.h

void main(){
	printf('something world\n);
}